../Drivers/STM32WBxx_HAL_Driver/Inc/stm32wbxx_ll_system.h:2223:26:LL_FLASH_GetUDN	4	static
../Drivers/STM32WBxx_HAL_Driver/Inc/stm32wbxx_ll_system.h:2235:26:LL_FLASH_GetDeviceID	4	static
../Drivers/STM32WBxx_HAL_Driver/Inc/stm32wbxx_ll_system.h:2247:26:LL_FLASH_GetSTCompanyID	4	static
../STM32_WPAN/App/app_ble.c:268:6:APP_BLE_Init	80	static
../STM32_WPAN/App/app_ble.c:408:28:SVCCTL_App_Notification	80	static
../STM32_WPAN/App/app_ble.c:617:22:APP_BLE_Get_Server_Connection_Status	4	static
../STM32_WPAN/App/app_ble.c:631:13:Ble_Tl_Init	16	static
../STM32_WPAN/App/app_ble.c:642:13:Ble_Hci_Gap_Gatt_Init	72	static
../STM32_WPAN/App/app_ble.c:915:13:Adv_Request	56	static
../STM32_WPAN/App/app_ble.c:1005:16:BleGetBdAddress	32	static
../STM32_WPAN/App/app_ble.c:1062:13:Add_Advertisment_Service_UUID	16	static
../STM32_WPAN/App/app_ble.c:1074:13:Adv_Mgr	8	static
../STM32_WPAN/App/app_ble.c:1086:13:Adv_Update	8	static
../STM32_WPAN/App/app_ble.c:1101:6:hci_notify_asynch_evt	16	static
../STM32_WPAN/App/app_ble.c:1108:6:hci_cmd_resp_release	16	static
../STM32_WPAN/App/app_ble.c:1115:6:hci_cmd_resp_wait	16	static
../STM32_WPAN/App/app_ble.c:1122:13:BLE_UserEvtRx	24	static
../STM32_WPAN/App/app_ble.c:1142:13:BLE_StatusNot	24	static
../STM32_WPAN/App/app_ble.c:1181:6:SVCCTL_ResumeUserEventFlow	8	static
